// Jest Snapshot v1, https://goo.gl/fbAQLP

exports[`Track Tasks by Priority 1`] = `
<div
  className="bg-[#D9D9D9] min-h-[100vh]"
>
  <header
    className="flex min-h-[15vh] bg-[#FF9FB2] items-center"
  >
    <button
      onClick={[Function]}
    >
      <h1
        className="text-3xl text-left m-6 font-extrabold md:text-6xl lg:text-6xl"
      >
        Task-it
      </h1>
    </button>
    <div
      className="flex items-center align-center"
    >
      <button
        className="text-4xl text-right ml-auto mr-6 lg:text-6xl md:text-6xl"
        onClick={[Function]}
      >
        <svg
          fill="currentColor"
          height="1em"
          stroke="currentColor"
          strokeWidth="0"
          style={
            Object {
              "color": undefined,
            }
          }
          viewBox="0 0 1024 1024"
          width="1em"
          xmlns="http://www.w3.org/2000/svg"
        >
          <path
            d="M482 152h60q8 0 8 8v704q0 8-8 8h-60q-8 0-8-8V160q0-8 8-8Z"
          />
          <path
            d="M192 474h672q8 0 8 8v60q0 8-8 8H160q-8 0-8-8v-60q0-8 8-8Z"
          />
        </svg>
      </button>
    </div>
    <button
      className="text-2xl text-right ml-auto mr-6 lg:text-6xl md:text-4xl"
      onClick={[Function]}
      title="account"
    >
      <svg
        fill="currentColor"
        height="1em"
        stroke="currentColor"
        strokeWidth="0"
        style={
          Object {
            "color": undefined,
          }
        }
        viewBox="0 0 24 24"
        width="1em"
        xmlns="http://www.w3.org/2000/svg"
      >
        <path
          d="M0 0h24v24H0z"
          fill="none"
        />
        <path
          d="M12 2C6.48 2 2 6.48 2 12s4.48 10 10 10 10-4.48 10-10S17.52 2 12 2zM7.35 18.5C8.66 17.56 10.26 17 12 17s3.34.56 4.65 1.5c-1.31.94-2.91 1.5-4.65 1.5s-3.34-.56-4.65-1.5zm10.79-1.38a9.947 9.947 0 00-12.28 0A7.957 7.957 0 014 12c0-4.42 3.58-8 8-8s8 3.58 8 8c0 1.95-.7 3.73-1.86 5.12z"
        />
        <path
          d="M12 6c-1.93 0-3.5 1.57-3.5 3.5S10.07 13 12 13s3.5-1.57 3.5-3.5S13.93 6 12 6zm0 5c-.83 0-1.5-.67-1.5-1.5S11.17 8 12 8s1.5.67 1.5 1.5S12.83 11 12 11z"
        />
      </svg>
    </button>
  </header>
  <div
    className="flex min-h-[85vh]"
  >
    <div
      className="flex flex-col justify-top p-[2%] items-center space-y-8 w-3/12 min-h-[100vh] bg-[#FBDCE2]"
    >
      <h1
        className="text-lg m-0 font-bold mb-2 md:text-2xl lg:text-4xl sm:text-base"
      >
        Sort By
      </h1>
      <div
        className="border-[#60AB9A]  h-1 border-2 w-3/12 lg:w-full md:w-6/12"
      />
      <div
        className="flex flex-row "
      >
        <div
          className="flex flex-col"
        >
          <button
            alt="handleDeadline"
            id="handleDeadline"
            onClick={[Function]}
          >
            <h1
              className="text-base m-2 font-bold mb-2 md:text-xl lg:text-3xl sm:text-sm"
            >
              Deadline
            </h1>
            <div
              className="mr-2 border-[#60AB9A] w-11/12 lg:w-full md:w-11/12 h-1 border-2"
            />
          </button>
        </div>
        <div
          className="flex flex-col"
        >
          <button
            alt="handlePriority"
            id="handlePriority"
            onClick={[Function]}
          >
            <h1
              className="text-base m-2 font-bold mb-2 md:text-xl lg:text-3xl sm:text-sm"
            >
              Priority
            </h1>
            <div
              className=" ml-2 border-[#60AB9A] w-11/12 lg:w-full md:w-11/12 h-1 border-2"
            />
          </button>
        </div>
      </div>
      <div
        className="flex text-lg font-bold mt-2 md:text-xl lg:text-2xl"
      >
        Loading tasks...
      </div>
    </div>
    <div
      className="flex flex-col md:flex-row w-[80%]"
    >
      <div
        className="flex-1 flex-col p-[2%] justify-center items-center"
      >
        <h1
          className="flex text-xl font-bold mb-2 md:text-3xl lg:text-5xl"
        >
          Projects
        </h1>
        <div
          className="border-[#60AB9A] w-80 h-1 border-2"
        />
        <div
          className="my-16"
        />
        <h1
          className="flex text-xl font-bold mb-2 lg:text-5xl md:text-3xl"
        >
          Overdue Tasks
        </h1>
        <div
          className="border-[#60AB9A] w-80 h-1 border-2"
        />
      </div>
      <div
        className="flex-1 flex-col p-[2%] justify-center items-center h-full"
      >
        <h1
          className="flex text-xl font-bold mb-2 lg:text-5xl md:text-3xl"
        >
          Tasks
        </h1>
        <div
          className="border-[#60AB9A] w-80 h-1 border-2"
        />
      </div>
      <div
        className="my-16"
      />
    </div>
  </div>
</div>
`;

exports[`Track Tasks by Priority 2`] = `
<div
  className="bg-[#D9D9D9] min-h-[100vh]"
>
  <header
    className="flex min-h-[15vh] bg-[#FF9FB2] items-center"
  >
    <button
      onClick={[Function]}
    >
      <h1
        className="text-3xl text-left m-6 font-extrabold md:text-6xl lg:text-6xl"
      >
        Task-it
      </h1>
    </button>
    <div
      className="flex items-center align-center"
    >
      <button
        className="text-4xl text-right ml-auto mr-6 lg:text-6xl md:text-6xl"
        onClick={[Function]}
      >
        <svg
          fill="currentColor"
          height="1em"
          stroke="currentColor"
          strokeWidth="0"
          style={
            Object {
              "color": undefined,
            }
          }
          viewBox="0 0 1024 1024"
          width="1em"
          xmlns="http://www.w3.org/2000/svg"
        >
          <path
            d="M482 152h60q8 0 8 8v704q0 8-8 8h-60q-8 0-8-8V160q0-8 8-8Z"
          />
          <path
            d="M192 474h672q8 0 8 8v60q0 8-8 8H160q-8 0-8-8v-60q0-8 8-8Z"
          />
        </svg>
      </button>
    </div>
    <button
      className="text-2xl text-right ml-auto mr-6 lg:text-6xl md:text-4xl"
      onClick={[Function]}
      title="account"
    >
      <svg
        fill="currentColor"
        height="1em"
        stroke="currentColor"
        strokeWidth="0"
        style={
          Object {
            "color": undefined,
          }
        }
        viewBox="0 0 24 24"
        width="1em"
        xmlns="http://www.w3.org/2000/svg"
      >
        <path
          d="M0 0h24v24H0z"
          fill="none"
        />
        <path
          d="M12 2C6.48 2 2 6.48 2 12s4.48 10 10 10 10-4.48 10-10S17.52 2 12 2zM7.35 18.5C8.66 17.56 10.26 17 12 17s3.34.56 4.65 1.5c-1.31.94-2.91 1.5-4.65 1.5s-3.34-.56-4.65-1.5zm10.79-1.38a9.947 9.947 0 00-12.28 0A7.957 7.957 0 014 12c0-4.42 3.58-8 8-8s8 3.58 8 8c0 1.95-.7 3.73-1.86 5.12z"
        />
        <path
          d="M12 6c-1.93 0-3.5 1.57-3.5 3.5S10.07 13 12 13s3.5-1.57 3.5-3.5S13.93 6 12 6zm0 5c-.83 0-1.5-.67-1.5-1.5S11.17 8 12 8s1.5.67 1.5 1.5S12.83 11 12 11z"
        />
      </svg>
    </button>
  </header>
  <div
    className="flex min-h-[85vh]"
  >
    <div
      className="flex flex-col justify-top p-[2%] items-center space-y-8 w-3/12 min-h-[100vh] bg-[#FBDCE2]"
    >
      <h1
        className="text-lg m-0 font-bold mb-2 md:text-2xl lg:text-4xl sm:text-base"
      >
        Sort By
      </h1>
      <div
        className="border-[#60AB9A]  h-1 border-2 w-3/12 lg:w-full md:w-6/12"
      />
      <div
        className="flex flex-row "
      >
        <div
          className="flex flex-col"
        >
          <button
            alt="handleDeadline"
            id="handleDeadline"
            onClick={[Function]}
          >
            <h1
              className="text-base m-2 font-bold mb-2 md:text-xl lg:text-3xl sm:text-sm"
            >
              Deadline
            </h1>
            <div
              className="mr-2 border-[#60AB9A] w-11/12 lg:w-full md:w-11/12 h-1 border-2"
            />
          </button>
        </div>
        <div
          className="flex flex-col"
        >
          <button
            alt="handlePriority"
            id="handlePriority"
            onClick={[Function]}
          >
            <h1
              className="text-base m-2 font-bold mb-2 md:text-xl lg:text-3xl sm:text-sm"
            >
              Priority
            </h1>
            <div
              className=" ml-2 border-[#60AB9A] w-11/12 lg:w-full md:w-11/12 h-1 border-2"
            />
          </button>
        </div>
      </div>
      <div
        className="flex text-lg font-bold mt-2 md:text-xl lg:text-2xl"
      >
        Loading tasks...
      </div>
    </div>
    <div
      className="flex flex-col md:flex-row w-[80%]"
    >
      <div
        className="flex-1 flex-col p-[2%] justify-center items-center"
      >
        <h1
          className="flex text-xl font-bold mb-2 md:text-3xl lg:text-5xl"
        >
          Projects
        </h1>
        <div
          className="border-[#60AB9A] w-80 h-1 border-2"
        />
        <div
          className="my-16"
        />
        <h1
          className="flex text-xl font-bold mb-2 lg:text-5xl md:text-3xl"
        >
          Overdue Tasks
        </h1>
        <div
          className="border-[#60AB9A] w-80 h-1 border-2"
        />
      </div>
      <div
        className="flex-1 flex-col p-[2%] justify-center items-center h-full"
      >
        <h1
          className="flex text-xl font-bold mb-2 lg:text-5xl md:text-3xl"
        >
          Tasks
        </h1>
        <div
          className="border-[#60AB9A] w-80 h-1 border-2"
        />
      </div>
      <div
        className="my-16"
      />
    </div>
  </div>
</div>
`;
